── 2026-07-02 12:54 ──
[main c5c206a] Automatische dagelijkse back-up 2026-07-02
 3 files changed, 24 insertions(+), 1 deletion(-)
 create mode 100644 .backup.log
 create mode 100755 backup-git.sh
To github.com:Joran1993/BAR.git
   fd4ce2f..c5c206a  main -> main
gepusht naar GitHub ✓
── 2026-07-02 18:00 ──
[main 8c2ddba] Automatische dagelijkse back-up 2026-07-02
 6 files changed, 125 insertions(+), 7 deletions(-)
To github.com:Joran1993/BAR.git
   c5c206a..8c2ddba  main -> main
gepusht naar GitHub ✓
── 2026-07-03 18:00 ──
[main 1d2f51b] Automatische dagelijkse back-up 2026-07-03
 14 files changed, 1718 insertions(+), 295 deletions(-)
To github.com:Joran1993/BAR.git
   8c2ddba..1d2f51b  main -> main
gepusht naar GitHub ✓
── 2026-07-04 18:00 ──
